{
  "workflowRunCount" : 4,
  "studies" : [ "Ovarian_Brain_Colon_Exome_Seq" ],
  "sequencerRuns" : [ "111212_h1080_0086_AC045BACXX", "120106_h804_0076_AD0LFWACXX" ],
  "lanes" : [ "111212_h1080_0086_AC045BACXX_lane_1", "111212_h1080_0086_AC045BACXX_lane_5", "120106_h804_0076_AD0LFWACXX_lane_1", "120106_h804_0076_AD0LFWACXX_lane_5" ],
  "samples" : [ "OBC_0001_Ov_X_PE_389_EX", "OBC_0001_nn_R_PE_388_EX" ],
  "workflows" : [ "CASAVA" ],
  "processingAlgorithms" : [ "BCLToFastq" ],
  "fileMetaTypes" : [ "chemical/seq-na-fastq-gzip" ],
  "maxInputFiles" : 2,
  "minInputFiles" : 2,
  "totalInputFiles" : 8,
  "workflowRuns" : [ {
    "workflowIni" : {
      "fastqc" : "FastQC/fastqc",
      "java" : "jre1.7.0_51/bin/java",
      "manual_output" : "false",
      "metadata" : "metadata",
      "output_dir" : "seqware-results",
      "output_path" : "NA",
      "perl" : "perl-5.14.1/perl"
    },
    "files" : [ {
      "studyTitle" : [ "Ovarian_Brain_Colon_Exome_Seq" ],
      "studyAttributes" : {
        "study.geo_lab_group_id" : [ [ "121" ] ]
      },
      "experimentName" : [ "Geo_Ovarian_Brain_Colon_Exome_Seq_ILLUMINA_EX_{F*101}{..}{R*101}" ],
      "experimentAttributes" : { },
      "sampleName" : [ "OBC_0001_Ov_X_PE_389_EX" ],
      "sampleAttributes" : {
        "sample.geo_library_source_template_type" : [ [ "EX" ] ],
        "sample.geo_reaction_id" : [ [ "5581", "5773" ] ],
        "sample.geo_run_id_and_position_and_slot" : [ [ "866_1_1", "889_1_1" ] ],
        "sample.geo_targeted_resequencing" : [ [ "Agilent SureSelect ICGC/Sanger Exon" ] ],
        "sample.geo_template_id" : [ [ "15687" ] ],
        "sample.geo_template_type" : [ [ "Illumina PE Library Seq" ] ],
        "sample.geo_tissue_origin" : [ [ "Ov" ] ],
        "sample.geo_tissue_type" : [ [ "X" ] ]
      },
      "sequencerRunName" : [ "111212_h1080_0086_AC045BACXX" ],
      "sequencerRunAttributes" : {
        "sequencerrun.geo_instrument_run_id" : [ [ "866" ] ]
      },
      "laneName" : [ "111212_h1080_0086_AC045BACXX_lane_1" ],
      "laneAttributes" : {
        "lane.geo_lane" : [ [ "1" ] ]
      },
      "iusTag" : [ "ATCACG" ],
      "iusAttributes" : { },
      "workflowName" : [ "CASAVA" ],
      "processingAlgorithm" : [ "BCLToFastq" ],
      "processingAttributes" : { },
      "fileMetaType" : [ "chemical/seq-na-fastq-gzip" ],
      "fileAttributes" : { },
      "fileId" : -1235046000
    }, {
      "studyTitle" : [ "Ovarian_Brain_Colon_Exome_Seq" ],
      "studyAttributes" : {
        "study.geo_lab_group_id" : [ [ "121" ] ]
      },
      "experimentName" : [ "Geo_Ovarian_Brain_Colon_Exome_Seq_ILLUMINA_EX_{F*101}{..}{R*101}" ],
      "experimentAttributes" : { },
      "sampleName" : [ "OBC_0001_Ov_X_PE_389_EX" ],
      "sampleAttributes" : {
        "sample.geo_library_source_template_type" : [ [ "EX" ] ],
        "sample.geo_reaction_id" : [ [ "5581", "5773" ] ],
        "sample.geo_run_id_and_position_and_slot" : [ [ "866_1_1", "889_1_1" ] ],
        "sample.geo_targeted_resequencing" : [ [ "Agilent SureSelect ICGC/Sanger Exon" ] ],
        "sample.geo_template_id" : [ [ "15687" ] ],
        "sample.geo_template_type" : [ [ "Illumina PE Library Seq" ] ],
        "sample.geo_tissue_origin" : [ [ "Ov" ] ],
        "sample.geo_tissue_type" : [ [ "X" ] ]
      },
      "sequencerRunName" : [ "111212_h1080_0086_AC045BACXX" ],
      "sequencerRunAttributes" : {
        "sequencerrun.geo_instrument_run_id" : [ [ "866" ] ]
      },
      "laneName" : [ "111212_h1080_0086_AC045BACXX_lane_1" ],
      "laneAttributes" : {
        "lane.geo_lane" : [ [ "1" ] ]
      },
      "iusTag" : [ "ATCACG" ],
      "iusAttributes" : { },
      "workflowName" : [ "CASAVA" ],
      "processingAlgorithm" : [ "BCLToFastq" ],
      "processingAttributes" : { },
      "fileMetaType" : [ "chemical/seq-na-fastq-gzip" ],
      "fileAttributes" : { },
      "fileId" : -1740604625
    } ]
  }, {
    "workflowIni" : {
      "fastqc" : "FastQC/fastqc",
      "java" : "jre1.7.0_51/bin/java",
      "manual_output" : "false",
      "metadata" : "metadata",
      "output_dir" : "seqware-results",
      "output_path" : "NA",
      "perl" : "perl-5.14.1/perl"
    },
    "files" : [ {
      "studyTitle" : [ "Ovarian_Brain_Colon_Exome_Seq" ],
      "studyAttributes" : {
        "study.geo_lab_group_id" : [ [ "121" ] ]
      },
      "experimentName" : [ "Geo_Ovarian_Brain_Colon_Exome_Seq_ILLUMINA_EX_{F*101}{..}{R*101}" ],
      "experimentAttributes" : { },
      "sampleName" : [ "OBC_0001_Ov_X_PE_389_EX" ],
      "sampleAttributes" : {
        "sample.geo_library_source_template_type" : [ [ "EX" ] ],
        "sample.geo_reaction_id" : [ [ "5581", "5773" ] ],
        "sample.geo_run_id_and_position_and_slot" : [ [ "866_1_1", "889_1_1" ] ],
        "sample.geo_targeted_resequencing" : [ [ "Agilent SureSelect ICGC/Sanger Exon" ] ],
        "sample.geo_template_id" : [ [ "15687" ] ],
        "sample.geo_template_type" : [ [ "Illumina PE Library Seq" ] ],
        "sample.geo_tissue_origin" : [ [ "Ov" ] ],
        "sample.geo_tissue_type" : [ [ "X" ] ]
      },
      "sequencerRunName" : [ "120106_h804_0076_AD0LFWACXX" ],
      "sequencerRunAttributes" : {
        "sequencerrun.geo_instrument_run_id" : [ [ "889" ] ]
      },
      "laneName" : [ "120106_h804_0076_AD0LFWACXX_lane_1" ],
      "laneAttributes" : {
        "lane.geo_lane" : [ [ "1" ] ]
      },
      "iusTag" : [ "ATCACG" ],
      "iusAttributes" : { },
      "workflowName" : [ "CASAVA" ],
      "processingAlgorithm" : [ "BCLToFastq" ],
      "processingAttributes" : { },
      "fileMetaType" : [ "chemical/seq-na-fastq-gzip" ],
      "fileAttributes" : { },
      "fileId" : 1477446441
    }, {
      "studyTitle" : [ "Ovarian_Brain_Colon_Exome_Seq" ],
      "studyAttributes" : {
        "study.geo_lab_group_id" : [ [ "121" ] ]
      },
      "experimentName" : [ "Geo_Ovarian_Brain_Colon_Exome_Seq_ILLUMINA_EX_{F*101}{..}{R*101}" ],
      "experimentAttributes" : { },
      "sampleName" : [ "OBC_0001_Ov_X_PE_389_EX" ],
      "sampleAttributes" : {
        "sample.geo_library_source_template_type" : [ [ "EX" ] ],
        "sample.geo_reaction_id" : [ [ "5581", "5773" ] ],
        "sample.geo_run_id_and_position_and_slot" : [ [ "866_1_1", "889_1_1" ] ],
        "sample.geo_targeted_resequencing" : [ [ "Agilent SureSelect ICGC/Sanger Exon" ] ],
        "sample.geo_template_id" : [ [ "15687" ] ],
        "sample.geo_template_type" : [ [ "Illumina PE Library Seq" ] ],
        "sample.geo_tissue_origin" : [ [ "Ov" ] ],
        "sample.geo_tissue_type" : [ [ "X" ] ]
      },
      "sequencerRunName" : [ "120106_h804_0076_AD0LFWACXX" ],
      "sequencerRunAttributes" : {
        "sequencerrun.geo_instrument_run_id" : [ [ "889" ] ]
      },
      "laneName" : [ "120106_h804_0076_AD0LFWACXX_lane_1" ],
      "laneAttributes" : {
        "lane.geo_lane" : [ [ "1" ] ]
      },
      "iusTag" : [ "ATCACG" ],
      "iusAttributes" : { },
      "workflowName" : [ "CASAVA" ],
      "processingAlgorithm" : [ "BCLToFastq" ],
      "processingAttributes" : { },
      "fileMetaType" : [ "chemical/seq-na-fastq-gzip" ],
      "fileAttributes" : { },
      "fileId" : 1983005066
    } ]
  }, {
    "workflowIni" : {
      "fastqc" : "FastQC/fastqc",
      "java" : "jre1.7.0_51/bin/java",
      "manual_output" : "false",
      "metadata" : "metadata",
      "output_dir" : "seqware-results",
      "output_path" : "NA",
      "perl" : "perl-5.14.1/perl"
    },
    "files" : [ {
      "studyTitle" : [ "Ovarian_Brain_Colon_Exome_Seq" ],
      "studyAttributes" : {
        "study.geo_lab_group_id" : [ [ "121" ] ]
      },
      "experimentName" : [ "Geo_Ovarian_Brain_Colon_Exome_Seq_ILLUMINA_EX_{F*101}{..}{R*101}" ],
      "experimentAttributes" : { },
      "sampleName" : [ "OBC_0001_nn_R_PE_388_EX" ],
      "sampleAttributes" : {
        "sample.geo_library_source_template_type" : [ [ "EX" ] ],
        "sample.geo_reaction_id" : [ [ "5589", "5781" ] ],
        "sample.geo_run_id_and_position_and_slot" : [ [ "866_5_1", "889_5_1" ] ],
        "sample.geo_targeted_resequencing" : [ [ "Agilent SureSelect ICGC/Sanger Exon" ] ],
        "sample.geo_template_id" : [ [ "15703" ] ],
        "sample.geo_template_type" : [ [ "Illumina PE Library Seq" ] ],
        "sample.geo_tissue_origin" : [ [ "nn" ] ],
        "sample.geo_tissue_type" : [ [ "R" ] ]
      },
      "sequencerRunName" : [ "111212_h1080_0086_AC045BACXX" ],
      "sequencerRunAttributes" : {
        "sequencerrun.geo_instrument_run_id" : [ [ "866" ] ]
      },
      "laneName" : [ "111212_h1080_0086_AC045BACXX_lane_5" ],
      "laneAttributes" : {
        "lane.geo_lane" : [ [ "5" ] ]
      },
      "iusTag" : [ "GATCAG" ],
      "iusAttributes" : { },
      "workflowName" : [ "CASAVA" ],
      "processingAlgorithm" : [ "BCLToFastq" ],
      "processingAttributes" : { },
      "fileMetaType" : [ "chemical/seq-na-fastq-gzip" ],
      "fileAttributes" : { },
      "fileId" : 319132695
    }, {
      "studyTitle" : [ "Ovarian_Brain_Colon_Exome_Seq" ],
      "studyAttributes" : {
        "study.geo_lab_group_id" : [ [ "121" ] ]
      },
      "experimentName" : [ "Geo_Ovarian_Brain_Colon_Exome_Seq_ILLUMINA_EX_{F*101}{..}{R*101}" ],
      "experimentAttributes" : { },
      "sampleName" : [ "OBC_0001_nn_R_PE_388_EX" ],
      "sampleAttributes" : {
        "sample.geo_library_source_template_type" : [ [ "EX" ] ],
        "sample.geo_reaction_id" : [ [ "5589", "5781" ] ],
        "sample.geo_run_id_and_position_and_slot" : [ [ "866_5_1", "889_5_1" ] ],
        "sample.geo_targeted_resequencing" : [ [ "Agilent SureSelect ICGC/Sanger Exon" ] ],
        "sample.geo_template_id" : [ [ "15703" ] ],
        "sample.geo_template_type" : [ [ "Illumina PE Library Seq" ] ],
        "sample.geo_tissue_origin" : [ [ "nn" ] ],
        "sample.geo_tissue_type" : [ [ "R" ] ]
      },
      "sequencerRunName" : [ "111212_h1080_0086_AC045BACXX" ],
      "sequencerRunAttributes" : {
        "sequencerrun.geo_instrument_run_id" : [ [ "866" ] ]
      },
      "laneName" : [ "111212_h1080_0086_AC045BACXX_lane_5" ],
      "laneAttributes" : {
        "lane.geo_lane" : [ [ "5" ] ]
      },
      "iusTag" : [ "GATCAG" ],
      "iusAttributes" : { },
      "workflowName" : [ "CASAVA" ],
      "processingAlgorithm" : [ "BCLToFastq" ],
      "processingAttributes" : { },
      "fileMetaType" : [ "chemical/seq-na-fastq-gzip" ],
      "fileAttributes" : { },
      "fileId" : 824691320
    } ]
  }, {
    "workflowIni" : {
      "fastqc" : "FastQC/fastqc",
      "java" : "jre1.7.0_51/bin/java",
      "manual_output" : "false",
      "metadata" : "metadata",
      "output_dir" : "seqware-results",
      "output_path" : "NA",
      "perl" : "perl-5.14.1/perl"
    },
    "files" : [ {
      "studyTitle" : [ "Ovarian_Brain_Colon_Exome_Seq" ],
      "studyAttributes" : {
        "study.geo_lab_group_id" : [ [ "121" ] ]
      },
      "experimentName" : [ "Geo_Ovarian_Brain_Colon_Exome_Seq_ILLUMINA_EX_{F*101}{..}{R*101}" ],
      "experimentAttributes" : { },
      "sampleName" : [ "OBC_0001_nn_R_PE_388_EX" ],
      "sampleAttributes" : {
        "sample.geo_library_source_template_type" : [ [ "EX" ] ],
        "sample.geo_reaction_id" : [ [ "5589", "5781" ] ],
        "sample.geo_run_id_and_position_and_slot" : [ [ "866_5_1", "889_5_1" ] ],
        "sample.geo_targeted_resequencing" : [ [ "Agilent SureSelect ICGC/Sanger Exon" ] ],
        "sample.geo_template_id" : [ [ "15703" ] ],
        "sample.geo_template_type" : [ [ "Illumina PE Library Seq" ] ],
        "sample.geo_tissue_origin" : [ [ "nn" ] ],
        "sample.geo_tissue_type" : [ [ "R" ] ]
      },
      "sequencerRunName" : [ "120106_h804_0076_AD0LFWACXX" ],
      "sequencerRunAttributes" : {
        "sequencerrun.geo_instrument_run_id" : [ [ "889" ] ]
      },
      "laneName" : [ "120106_h804_0076_AD0LFWACXX_lane_5" ],
      "laneAttributes" : {
        "lane.geo_lane" : [ [ "5" ] ]
      },
      "iusTag" : [ "GATCAG" ],
      "iusAttributes" : { },
      "workflowName" : [ "CASAVA" ],
      "processingAlgorithm" : [ "BCLToFastq" ],
      "processingAttributes" : { },
      "fileMetaType" : [ "chemical/seq-na-fastq-gzip" ],
      "fileAttributes" : { },
      "fileId" : -1080776008
    }, {
      "studyTitle" : [ "Ovarian_Brain_Colon_Exome_Seq" ],
      "studyAttributes" : {
        "study.geo_lab_group_id" : [ [ "121" ] ]
      },
      "experimentName" : [ "Geo_Ovarian_Brain_Colon_Exome_Seq_ILLUMINA_EX_{F*101}{..}{R*101}" ],
      "experimentAttributes" : { },
      "sampleName" : [ "OBC_0001_nn_R_PE_388_EX" ],
      "sampleAttributes" : {
        "sample.geo_library_source_template_type" : [ [ "EX" ] ],
        "sample.geo_reaction_id" : [ [ "5589", "5781" ] ],
        "sample.geo_run_id_and_position_and_slot" : [ [ "866_5_1", "889_5_1" ] ],
        "sample.geo_targeted_resequencing" : [ [ "Agilent SureSelect ICGC/Sanger Exon" ] ],
        "sample.geo_template_id" : [ [ "15703" ] ],
        "sample.geo_template_type" : [ [ "Illumina PE Library Seq" ] ],
        "sample.geo_tissue_origin" : [ [ "nn" ] ],
        "sample.geo_tissue_type" : [ [ "R" ] ]
      },
      "sequencerRunName" : [ "120106_h804_0076_AD0LFWACXX" ],
      "sequencerRunAttributes" : {
        "sequencerrun.geo_instrument_run_id" : [ [ "889" ] ]
      },
      "laneName" : [ "120106_h804_0076_AD0LFWACXX_lane_5" ],
      "laneAttributes" : {
        "lane.geo_lane" : [ [ "5" ] ]
      },
      "iusTag" : [ "GATCAG" ],
      "iusAttributes" : { },
      "workflowName" : [ "CASAVA" ],
      "processingAlgorithm" : [ "BCLToFastq" ],
      "processingAttributes" : { },
      "fileMetaType" : [ "chemical/seq-na-fastq-gzip" ],
      "fileAttributes" : { },
      "fileId" : -1586334633
    } ]
  } ]
}